../Drivers/STM32F7xx_HAL_Driver/Inc/stm32f7xx_ll_gpio.h:881:22:LL_GPIO_SetOutputPin	16	static
../Drivers/STM32F7xx_HAL_Driver/Inc/stm32f7xx_ll_gpio.h:910:22:LL_GPIO_ResetOutputPin	16	static
../Dev/LED/status_led.c:63:6:LED_Status_Init	8	static
../Dev/LED/status_led.c:75:6:status_led_update	8	static
../Dev/LED/status_led.c:105:13:status_led_powerup	8	static
../Dev/LED/status_led.c:126:13:status_led_normal	8	static
../Dev/LED/status_led.c:137:13:status_led_error	8	static
../Dev/LED/status_led.c:158:13:status_led_led_green_on	8	static
../Dev/LED/status_led.c:162:13:status_led_led_green_off	8	static
../Dev/LED/status_led.c:166:13:status_led_led_blue_on	8	static
../Dev/LED/status_led.c:170:13:status_led_led_blue_off	8	static
../Dev/LED/status_led.c:175:6:LED_Status_CreateTask	8	static
