../Drivers/STM32F7xx_HAL_Driver/Inc/stm32f7xx_ll_spi.h:371:22:LL_SPI_Enable	16	static
../Drivers/STM32F7xx_HAL_Driver/Inc/stm32f7xx_ll_spi.h:383:22:LL_SPI_Disable	16	static
../Drivers/STM32F7xx_HAL_Driver/Inc/stm32f7xx_ll_spi.h:468:22:LL_SPI_SetClockPhase	16	static
../Drivers/STM32F7xx_HAL_Driver/Inc/stm32f7xx_ll_spi.h:497:22:LL_SPI_SetClockPolarity	16	static
../Drivers/STM32F7xx_HAL_Driver/Inc/stm32f7xx_ll_spi.h:531:22:LL_SPI_SetBaudRatePrescaler	16	static
../Dev/BSupport/BSP/bsp_laser/bsp_laser.c:15:6:bsp_laser_set_spi_prescaler	16	static
../Dev/BSupport/BSP/bsp_laser/bsp_laser.c:22:6:bsp_laser_set_spi_mode	16	static
../Dev/BSupport/BSP/bsp_laser/bsp_laser.c:50:6:bsp_laser_init	16	static
../Dev/BSupport/BSP/bsp_laser/bsp_laser.c:61:6:bsp_laser_int_switch_on	16	static
../Dev/BSupport/BSP/bsp_laser/bsp_laser.c:66:6:bsp_laser_int_switch_off_all	8	static
../Dev/BSupport/BSP/bsp_laser/bsp_laser.c:70:6:bsp_laser_ext_switch_on	16	static
../Dev/BSupport/BSP/bsp_laser/bsp_laser.c:75:6:bsp_laser_ext_switch_off_all	8	static
../Dev/BSupport/BSP/bsp_laser/bsp_laser.c:83:6:bsp_laser_int_set_current	16	static
../Dev/BSupport/BSP/bsp_laser/bsp_laser.c:89:6:bsp_laser_ext_set_current	16	static
../Dev/BSupport/BSP/bsp_laser/bsp_laser.c:94:6:bsp_laser_set_current	16	static
