../Dev/Sche/scheduler.c:54:25:SCH_TASK_GetTaskContext	16	static
../Dev/Sche/scheduler.c:71:6:SCH_Initialize	8	static
../Dev/Sche/scheduler.c:94:6:SCH_TIM_Start	16	static
../Dev/Sche/scheduler.c:111:10:SCH_TIM_HasCompleted	16	static
../Dev/Sche/scheduler.c:123:10:SCH_TASK_ResumeTask	24	static
../Dev/Sche/scheduler.c:145:10:SCH_TASK_StopTask	24	static
../Dev/Sche/scheduler.c:167:10:SCH_TASK_CreateTask	24	static
../Dev/Sche/scheduler.c:205:10:SCH_TIM_CreateTimer	24	static
../Dev/Sche/scheduler.c:240:10:SCH_TIM_RestartTimer	24	static
../Dev/Sche/scheduler.c:262:10:SCH_TIM_StopTimer	24	static
../Dev/Sche/scheduler.c:283:6:SCH_RunSystemTickTimer	24	static
../Dev/Sche/scheduler.c:357:6:SCH_StartSchedular	8	static
../Dev/Sche/scheduler.c:370:6:SCH_StopSchedular	8	static
../Dev/Sche/scheduler.c:386:6:SCH_HandleScheduledTask	24	static
../Dev/Sche/scheduler.c:450:10:SCH_SystemTick	4	static
