../Drivers/CMSIS/Include/core_cm7.h:2147:34:__NVIC_SystemReset	4	static,ignoring_inline_asm
../Drivers/STM32F7xx_HAL_Driver/Inc/stm32f7xx_ll_gpio.h:881:22:LL_GPIO_SetOutputPin	16	static
../Drivers/STM32F7xx_HAL_Driver/Inc/stm32f7xx_ll_gpio.h:910:22:LL_GPIO_ResetOutputPin	16	static
../Drivers/STM32F7xx_HAL_Driver/Inc/stm32f7xx_ll_tim.h:1313:22:LL_TIM_EnableCounter	16	static
../Drivers/STM32F7xx_HAL_Driver/Inc/stm32f7xx_ll_tim.h:1324:22:LL_TIM_DisableCounter	16	static
../Drivers/STM32F7xx_HAL_Driver/Inc/stm32f7xx_ll_tim.h:1566:22:LL_TIM_SetCounter	16	static
../Drivers/STM32F7xx_HAL_Driver/Inc/stm32f7xx_ll_tim.h:1635:22:LL_TIM_SetAutoReload	16	static
../Drivers/STM32F7xx_HAL_Driver/Inc/stm32f7xx_ll_tim.h:4090:22:LL_TIM_EnableIT_UPDATE	16	static
../Drivers/STM32F7xx_HAL_Driver/Inc/stm32f7xx_ll_tim.h:4101:22:LL_TIM_DisableIT_UPDATE	16	static
../Dev/CLI_Terminal/CLI_Command/cli_command.c:51:16:Map	24	static
../Dev/CLI_Terminal/CLI_Command/cli_command.c:56:13:crc16_CCITT_update	24	static
../Dev/CLI_Terminal/CLI_Command/cli_command.c:67:13:htoa	48	static
../Dev/CLI_Terminal/CLI_Command/cli_command.c:199:6:CLI_Command_Init	16	static
../Dev/CLI_Terminal/CLI_Command/cli_command.c:204:6:CLI_Command_CreateTask	8	static
../Dev/CLI_Terminal/CLI_Command/cli_command.c:208:13:CLI_Command_Task_Update	16	static
../Dev/CLI_Terminal/CLI_Command/cli_command.c:216:13:CMD_Clear_CLI	40	static
../Dev/CLI_Terminal/CLI_Command/cli_command.c:222:13:CMD_Reset	24	static
../Dev/CLI_Terminal/CLI_Command/cli_command.c:227:13:CMD_NTC_Get_Temp	144	static
../Dev/CLI_Terminal/CLI_Command/cli_command.c:268:13:CMD_PWR_5V_Set	32	static
../Dev/CLI_Terminal/CLI_Command/cli_command.c:282:13:CMD_PWR_5V_Get	24	static
../Dev/CLI_Terminal/CLI_Command/cli_command.c:292:13:CMD_TEC_Init	128	static
../Dev/CLI_Terminal/CLI_Command/cli_command.c:332:13:CMD_TEC_Set_Volt	168	static
../Dev/CLI_Terminal/CLI_Command/cli_command.c:355:13:CMD_TEC_Get_Volt	192	static
../Dev/CLI_Terminal/CLI_Command/cli_command.c:380:13:CMD_TEC_Set_Dir	48	static
../Dev/CLI_Terminal/CLI_Command/cli_command.c:402:13:CMD_TEC_Get_Dir	88	static
../Dev/CLI_Terminal/CLI_Command/cli_command.c:429:13:CMD_HTR_Set_Duty	152	static
../Dev/CLI_Terminal/CLI_Command/cli_command.c:450:13:CMD_HTR_Get_Duty	112	static
../Dev/CLI_Terminal/CLI_Command/cli_command.c:471:13:CMD_Ref_Set_Temp	80	static
../Dev/CLI_Terminal/CLI_Command/cli_command.c:482:13:CMD_Ref_Get_Temp	96	static
../Dev/CLI_Terminal/CLI_Command/cli_command.c:491:13:CMD_Ref_Set_NTC	96	static
../Dev/CLI_Terminal/CLI_Command/cli_command.c:502:13:CMD_Ref_Get_NTC	88	static
../Dev/CLI_Terminal/CLI_Command/cli_command.c:512:13:CMD_TEC_Set_Auto	104	static
../Dev/CLI_Terminal/CLI_Command/cli_command.c:543:13:CMD_TEC_Get_Auto	112	static
../Dev/CLI_Terminal/CLI_Command/cli_command.c:569:13:CMD_HTR_Set_Auto	112	static
../Dev/CLI_Terminal/CLI_Command/cli_command.c:587:13:CMD_HTR_Get_Auto	112	static
../Dev/CLI_Terminal/CLI_Command/cli_command.c:613:13:CMD_Temp_Set_Auto	32	static
../Dev/CLI_Terminal/CLI_Command/cli_command.c:625:13:CMD_Temp_Get_Auto	32	static
../Dev/CLI_Terminal/CLI_Command/cli_command.c:637:13:CMD_Sens_List	136	static
../Dev/CLI_Terminal/CLI_Command/cli_command.c:685:13:CMD_LSMSens_Get	152	static
../Dev/CLI_Terminal/CLI_Command/cli_command.c:703:13:CMD_H3LSens_Get	88	static
../Dev/CLI_Terminal/CLI_Command/cli_command.c:712:13:CMD_BMESens_Get	136	static
../Dev/CLI_Terminal/CLI_Command/cli_command.c:730:13:CMD_H250Sens_Get	64	static
../Dev/CLI_Terminal/CLI_Command/cli_command.c:739:13:CMD_K33Sens_Get	136	static
../Dev/CLI_Terminal/CLI_Command/cli_command.c:757:13:CMD_Set_Laser	64	static
../Dev/CLI_Terminal/CLI_Command/cli_command.c:829:13:CMD_Get_Current	24	static
../Dev/CLI_Terminal/CLI_Command/cli_command.c:833:13:CMD_PD_Get	104	static
../Dev/CLI_Terminal/CLI_Command/cli_command.c:858:13:CMD_Sample_Set_PD	96	static
../Dev/CLI_Terminal/CLI_Command/cli_command.c:887:13:CMD_Sample_Set_Rate	40	static
../Dev/CLI_Terminal/CLI_Command/cli_command.c:913:13:CMD_Sample_Trig	24	static
../Dev/CLI_Terminal/CLI_Command/cli_command.c:933:13:CMD_Sample_Status_Get	160	static
../Dev/CLI_Terminal/CLI_Command/cli_command.c:946:13:CMD_Sample_Get	48	static
../Dev/CLI_Terminal/CLI_Command/cli_command.c:978:13:CMD_Sample_Get_Char	40	static
../Dev/CLI_Terminal/CLI_Command/cli_command.c:1004:13:CMD_Sample_Get_Buf	40	static
../Dev/CLI_Terminal/CLI_Command/cli_command.c:1031:13:CMD_Sample_Get_Buf_Char	40	static
../Dev/CLI_Terminal/CLI_Command/cli_command.c:1057:26:getCliStaticBindings	4	static
../Dev/CLI_Terminal/CLI_Command/cli_command.c:1061:10:getCliStaticBindingCount	4	static
