../Drivers/STM32F7xx_HAL_Driver/Inc/stm32f7xx_ll_dma.h:1815:26:LL_DMA_IsActiveFlag_TC5	16	static
../Drivers/STM32F7xx_HAL_Driver/Inc/stm32f7xx_ll_dma.h:1826:26:LL_DMA_IsActiveFlag_TC6	16	static
../Drivers/STM32F7xx_HAL_Driver/Inc/stm32f7xx_ll_dma.h:2255:22:LL_DMA_ClearFlag_TC5	16	static
../Drivers/STM32F7xx_HAL_Driver/Inc/stm32f7xx_ll_dma.h:2266:22:LL_DMA_ClearFlag_TC6	16	static
../Core/Src/stm32f7xx_it.c:75:6:NMI_Handler	4	static
../Core/Src/stm32f7xx_it.c:90:6:HardFault_Handler	4	static
../Core/Src/stm32f7xx_it.c:105:6:MemManage_Handler	4	static
../Core/Src/stm32f7xx_it.c:120:6:BusFault_Handler	4	static
../Core/Src/stm32f7xx_it.c:135:6:UsageFault_Handler	4	static
../Core/Src/stm32f7xx_it.c:150:6:SVC_Handler	4	static
../Core/Src/stm32f7xx_it.c:163:6:DebugMon_Handler	4	static
../Core/Src/stm32f7xx_it.c:176:6:PendSV_Handler	4	static
../Core/Src/stm32f7xx_it.c:189:6:SysTick_Handler	8	static
../Core/Src/stm32f7xx_it.c:219:6:DMA2_Stream0_IRQHandler	8	static
../Core/Src/stm32f7xx_it.c:233:6:DMA2_Stream5_IRQHandler	4	static
../Core/Src/stm32f7xx_it.c:246:6:DMA2_Stream6_IRQHandler	8	static
../Core/Src/stm32f7xx_it.c:268:6:USART6_IRQHandler	8	static
