../Drivers/CMSIS/Include/core_cm7.h:2147:34:__NVIC_SystemReset	4	static,ignoring_inline_asm
../Dev/App/shell/CLI_Command/cli_command.c:39:16:Map	24	static
../Dev/App/shell/CLI_Command/cli_command.c:44:13:crc16_CCITT_update	24	static
../Dev/App/shell/CLI_Command/cli_command.c:55:13:htoa	48	static
../Dev/App/shell/CLI_Command/cli_command.c:245:13:CMD_Clear_CLI	40	static
../Dev/App/shell/CLI_Command/cli_command.c:251:13:CMD_Reset	24	static
../Dev/App/shell/CLI_Command/cli_command.c:256:13:CMD_NTC_Get_Temp	40	static
../Dev/App/shell/CLI_Command/cli_command.c:285:13:CMD_PWR_5V_Set	40	static
../Dev/App/shell/CLI_Command/cli_command.c:306:13:CMD_PWR_5V_Get	24	static
../Dev/App/shell/CLI_Command/cli_command.c:315:13:CMD_TEC_Init	40	static
../Dev/App/shell/CLI_Command/cli_command.c:360:13:CMD_TEC_Set_Profile_Volt	40	static
../Dev/App/shell/CLI_Command/cli_command.c:385:13:CMD_TEC_Get_Profile_Volt	32	static
../Dev/App/shell/CLI_Command/cli_command.c:395:13:CMD_TEC_Profile_Register	40	static
../Dev/App/shell/CLI_Command/cli_command.c:417:13:CMD_TEC_Profile_Get	32	static
../Dev/App/shell/CLI_Command/cli_command.c:429:13:CMD_TEC_Man_Set_Volt	56	static
../Dev/App/shell/CLI_Command/cli_command.c:470:13:CMD_TEC_Man_Set_Output	48	static
../Dev/App/shell/CLI_Command/cli_command.c:505:13:CMD_HTR_Set_Profile_Duty	40	static
../Dev/App/shell/CLI_Command/cli_command.c:527:13:CMD_HTR_Get_Profile_Duty	32	static
../Dev/App/shell/CLI_Command/cli_command.c:532:13:CMD_Heater_Profile_Register	40	static
../Dev/App/shell/CLI_Command/cli_command.c:554:13:CMD_Heater_Profile_Get	32	static
../Dev/App/shell/CLI_Command/cli_command.c:566:13:CMD_Ref_Set_Temp	40	static
../Dev/App/shell/CLI_Command/cli_command.c:582:13:CMD_Ref_Get_Temp	32	static
../Dev/App/shell/CLI_Command/cli_command.c:589:13:CMD_Ref_Set_NTC	40	static
../Dev/App/shell/CLI_Command/cli_command.c:608:13:CMD_Ref_Get_NTC	32	static
../Dev/App/shell/CLI_Command/cli_command.c:614:13:CMD_Start_Auto_Mode	24	static
../Dev/App/shell/CLI_Command/cli_command.c:619:13:CMD_Stop_Auto_Mode	24	static
../Dev/App/shell/CLI_Command/cli_command.c:628:13:CMD_Set_Laser_Int_Current	40	static
../Dev/App/shell/CLI_Command/cli_command.c:650:13:CMD_Set_Laser_Ext_Current	40	static
../Dev/App/shell/CLI_Command/cli_command.c:672:13:CMD_Laser_Get_Current	32	static
../Dev/App/shell/CLI_Command/cli_command.c:679:13:CMD_Int_Laser_Switch_On	40	static
../Dev/App/shell/CLI_Command/cli_command.c:703:13:CMD_Ext_Laser_Switch_On	40	static
../Dev/App/shell/CLI_Command/cli_command.c:725:13:CMD_Int_Laser_Switch_Off	24	static
../Dev/App/shell/CLI_Command/cli_command.c:729:13:CMD_Ext_Laser_Switch_Off	24	static
../Dev/App/shell/CLI_Command/cli_command.c:740:13:cmd_exp_set_profile	104	static
../Dev/App/shell/CLI_Command/cli_command.c:805:13:cmd_exp_get_profile	88	static
../Dev/App/shell/CLI_Command/cli_command.c:812:13:cmd_exp_start_measuring	24	static
../Dev/App/shell/CLI_Command/cli_command.c:1364:26:getCliStaticBindings	4	static
../Dev/App/shell/CLI_Command/cli_command.c:1368:10:getCliStaticBindingCount	4	static
