../Drivers/STM32F7xx_HAL_Driver/Inc/stm32f7xx_ll_dma.h:497:22:LL_DMA_EnableStream	16	static
../Drivers/STM32F7xx_HAL_Driver/Inc/stm32f7xx_ll_dma.h:517:22:LL_DMA_DisableStream	16	static
../Drivers/STM32F7xx_HAL_Driver/Inc/stm32f7xx_ll_dma.h:646:22:LL_DMA_SetMode	24	static
../Drivers/STM32F7xx_HAL_Driver/Inc/stm32f7xx_ll_dma.h:738:22:LL_DMA_SetMemoryIncMode	24	static
../Drivers/STM32F7xx_HAL_Driver/Inc/stm32f7xx_ll_dma.h:971:22:LL_DMA_SetDataLength	24	static
../Drivers/STM32F7xx_HAL_Driver/Inc/stm32f7xx_ll_dma.h:1425:22:LL_DMA_ConfigAddresses	24	static
../Drivers/STM32F7xx_HAL_Driver/Inc/stm32f7xx_ll_dma.h:2569:22:LL_DMA_EnableIT_HT	16	static
../Drivers/STM32F7xx_HAL_Driver/Inc/stm32f7xx_ll_dma.h:2609:22:LL_DMA_EnableIT_TC	16	static
../Drivers/STM32F7xx_HAL_Driver/Inc/stm32f7xx_ll_dma.h:2669:22:LL_DMA_DisableIT_HT	16	static
../Drivers/STM32F7xx_HAL_Driver/Inc/stm32f7xx_ll_dma.h:2709:22:LL_DMA_DisableIT_TC	16	static
../Drivers/STM32F7xx_HAL_Driver/Inc/stm32f7xx_ll_spi.h:371:22:LL_SPI_Enable	16	static
../Drivers/STM32F7xx_HAL_Driver/Inc/stm32f7xx_ll_spi.h:383:22:LL_SPI_Disable	16	static
../Drivers/STM32F7xx_HAL_Driver/Inc/stm32f7xx_ll_spi.h:468:22:LL_SPI_SetClockPhase	16	static
../Drivers/STM32F7xx_HAL_Driver/Inc/stm32f7xx_ll_spi.h:497:22:LL_SPI_SetClockPolarity	16	static
../Drivers/STM32F7xx_HAL_Driver/Inc/stm32f7xx_ll_spi.h:531:22:LL_SPI_SetBaudRatePrescaler	16	static
../Drivers/STM32F7xx_HAL_Driver/Inc/stm32f7xx_ll_spi.h:640:22:LL_SPI_SetDataWidth	16	static
../Drivers/STM32F7xx_HAL_Driver/Inc/stm32f7xx_ll_spi.h:678:22:LL_SPI_SetRxFIFOThreshold	16	static
../Drivers/STM32F7xx_HAL_Driver/Inc/stm32f7xx_ll_spi.h:1209:22:LL_SPI_EnableDMAReq_RX	16	static
../Drivers/STM32F7xx_HAL_Driver/Inc/stm32f7xx_ll_spi.h:1220:22:LL_SPI_DisableDMAReq_RX	16	static
../Dev/BSupport/BSP/bsp_photodiode/bsp_photodiode.c:86:6:bsp_photo_set_time	32	static
../Dev/BSupport/BSP/bsp_photodiode/bsp_photodiode.c:98:6:bsp_photodiode_init	16	static
../Dev/BSupport/BSP/bsp_photodiode/bsp_photodiode.c:108:6:bsp_photodiode_set_spi_mode	16	static
../Dev/BSupport/BSP/bsp_photodiode/bsp_photodiode.c:136:6:bsp_photodiode_set_spi_data_len	16	static
../Dev/BSupport/BSP/bsp_photodiode/bsp_photodiode.c:149:6:bsp_photodiode_set_spi_prescaler	16	static
../Dev/BSupport/BSP/bsp_photodiode/bsp_photodiode.c:154:6:bsp_photodiode_sw_spi_change_mode	8	static
../Dev/BSupport/BSP/bsp_photodiode/bsp_photodiode.c:162:6:bsp_photodiode_adc_spi_change_mode	8	static
../Dev/BSupport/BSP/bsp_photodiode/bsp_photodiode.c:170:6:bsp_photo_switch_on	16	static
../Dev/BSupport/BSP/bsp_photodiode/bsp_photodiode.c:175:6:bsp_photo_switch_off_all	8	static
../Dev/BSupport/BSP/bsp_photodiode/bsp_photodiode.c:181:6:bsp_photodiode_timer1_init	24	static
../Dev/BSupport/BSP/bsp_photodiode/bsp_photodiode.c:204:6:bsp_photodiode_timer2_init	24	static
../Dev/BSupport/BSP/bsp_photodiode/bsp_photodiode.c:220:6:bsp_photo_prepare_timer_sampling	8	static
../Dev/BSupport/BSP/bsp_photodiode/bsp_photodiode.c:226:6:bsp_photo_start_timer_sampling	4	static
../Dev/BSupport/BSP/bsp_photodiode/bsp_photodiode.c:233:6:bsp_photodiode_start_dma	40	static
../Dev/BSupport/BSP/bsp_photodiode/bsp_photodiode.c:252:6:bsp_photodiode_sample_start	16	static
../Dev/BSupport/BSP/bsp_photodiode/bsp_photodiode.c:270:6:DMA1_Stream1_IRQHandler	8	static
../Dev/BSupport/BSP/bsp_photodiode/bsp_photodiode.c:309:6:TIM1_UP_TIM10_IRQHandler	4	static
../Dev/BSupport/BSP/bsp_photodiode/bsp_photodiode.c:319:6:TIM2_IRQHandler	8	static
