../Drivers/CMSIS/Include/core_cm7.h:1896:22:__NVIC_EnableIRQ	16	static
../Drivers/CMSIS/Include/core_cm7.h:1932:22:__NVIC_DisableIRQ	16	static,ignoring_inline_asm
../Drivers/CMSIS/Include/core_cm7.h:2024:22:__NVIC_SetPriority	16	static
../Drivers/STM32F7xx_HAL_Driver/Inc/stm32f7xx_ll_dma.h:497:22:LL_DMA_EnableStream	16	static
../Drivers/STM32F7xx_HAL_Driver/Inc/stm32f7xx_ll_dma.h:517:22:LL_DMA_DisableStream	16	static
../Drivers/STM32F7xx_HAL_Driver/Inc/stm32f7xx_ll_dma.h:646:22:LL_DMA_SetMode	24	static
../Drivers/STM32F7xx_HAL_Driver/Inc/stm32f7xx_ll_dma.h:738:22:LL_DMA_SetMemoryIncMode	24	static
../Drivers/STM32F7xx_HAL_Driver/Inc/stm32f7xx_ll_dma.h:971:22:LL_DMA_SetDataLength	24	static
../Drivers/STM32F7xx_HAL_Driver/Inc/stm32f7xx_ll_dma.h:1425:22:LL_DMA_ConfigAddresses	24	static
../Drivers/STM32F7xx_HAL_Driver/Inc/stm32f7xx_ll_dma.h:2569:22:LL_DMA_EnableIT_HT	16	static
../Drivers/STM32F7xx_HAL_Driver/Inc/stm32f7xx_ll_dma.h:2609:22:LL_DMA_EnableIT_TC	16	static
../Drivers/STM32F7xx_HAL_Driver/Inc/stm32f7xx_ll_dma.h:2669:22:LL_DMA_DisableIT_HT	16	static
../Drivers/STM32F7xx_HAL_Driver/Inc/stm32f7xx_ll_dma.h:2709:22:LL_DMA_DisableIT_TC	16	static
../Drivers/STM32F7xx_HAL_Driver/Inc/stm32f7xx_ll_spi.h:371:22:LL_SPI_Enable	16	static
../Drivers/STM32F7xx_HAL_Driver/Inc/stm32f7xx_ll_spi.h:383:22:LL_SPI_Disable	16	static
../Drivers/STM32F7xx_HAL_Driver/Inc/stm32f7xx_ll_spi.h:468:22:LL_SPI_SetClockPhase	16	static
../Drivers/STM32F7xx_HAL_Driver/Inc/stm32f7xx_ll_spi.h:497:22:LL_SPI_SetClockPolarity	16	static
../Drivers/STM32F7xx_HAL_Driver/Inc/stm32f7xx_ll_spi.h:531:22:LL_SPI_SetBaudRatePrescaler	16	static
../Drivers/STM32F7xx_HAL_Driver/Inc/stm32f7xx_ll_spi.h:640:22:LL_SPI_SetDataWidth	16	static
../Drivers/STM32F7xx_HAL_Driver/Inc/stm32f7xx_ll_spi.h:678:22:LL_SPI_SetRxFIFOThreshold	16	static
../Drivers/STM32F7xx_HAL_Driver/Inc/stm32f7xx_ll_spi.h:1209:22:LL_SPI_EnableDMAReq_RX	16	static
../Drivers/STM32F7xx_HAL_Driver/Inc/stm32f7xx_ll_spi.h:1220:22:LL_SPI_DisableDMAReq_RX	16	static
../Drivers/STM32F7xx_HAL_Driver/Inc/stm32f7xx_ll_spi.h:1388:22:LL_SPI_TransmitData16	24	static
../Dev/BSupport/BSP/bsp_photodiode/bsp_photodiode.c:67:6:bsp_photo_set_time	32	static
../Dev/BSupport/BSP/bsp_photodiode/bsp_photodiode.c:82:6:bsp_photo_prepare_pre_sampling	8	static
../Dev/BSupport/BSP/bsp_photodiode/bsp_photodiode.c:96:6:bsp_photo_sw_init	16	static
../Dev/BSupport/BSP/bsp_photodiode/bsp_photodiode.c:103:6:bsp_photo_adc_init	8	static
../Dev/BSupport/BSP/bsp_photodiode/bsp_photodiode.c:109:6:bsp_photodiode_set_spi_mode	16	static
../Dev/BSupport/BSP/bsp_photodiode/bsp_photodiode.c:135:6:bsp_photodiode_set_spi_data_len	16	static
../Dev/BSupport/BSP/bsp_photodiode/bsp_photodiode.c:148:6:bsp_photodiode_set_spi_prescaler	16	static
../Dev/BSupport/BSP/bsp_photodiode/bsp_photodiode.c:153:6:bsp_photodiode_sw_spi_change_mode	8	static
../Dev/BSupport/BSP/bsp_photodiode/bsp_photodiode.c:162:6:bsp_photodiode_adc_spi_change_mode	8	static
../Dev/BSupport/BSP/bsp_photodiode/bsp_photodiode.c:171:6:bsp_photo_switch_on	16	static
../Dev/BSupport/BSP/bsp_photodiode/bsp_photodiode.c:175:6:bsp_photo_switch_off_all	8	static
../Dev/BSupport/BSP/bsp_photodiode/bsp_photodiode.c:184:6:bsp_photodiode_sample_rate_timer_init	8	static
../Dev/BSupport/BSP/bsp_photodiode/bsp_photodiode.c:188:6:bsp_photodiode_set_pre_time	8	static
../Dev/BSupport/BSP/bsp_photodiode/bsp_photodiode.c:192:6:bsp_photodiode_set_sampling_time	8	static
../Dev/BSupport/BSP/bsp_photodiode/bsp_photodiode.c:196:6:bsp_photodiode_set_post_time	8	static
../Dev/BSupport/BSP/bsp_photodiode/bsp_photodiode.c:200:6:bsp_photodiode_timer1_init	24	static
../Dev/BSupport/BSP/bsp_photodiode/bsp_photodiode.c:226:6:bsp_photodiode_set_time_tim2	32	static
../Dev/BSupport/BSP/bsp_photodiode/bsp_photodiode.c:243:6:bsp_photodiode_sample_start	16	static
../Dev/BSupport/BSP/bsp_photodiode/bsp_photodiode.c:271:6:bsp_photodiode_start_dma	40	static
../Dev/BSupport/BSP/bsp_photodiode/bsp_photodiode.c:295:6:DMA1_Stream1_IRQHandler	8	static
../Dev/BSupport/BSP/bsp_photodiode/bsp_photodiode.c:335:6:TIM1_UP_TIM10_IRQHandler	8	static,ignoring_inline_asm
../Dev/BSupport/BSP/bsp_photodiode/bsp_photodiode.c:352:6:TIM2_IRQHandler	8	static
